........................................................................ [  7%]
........................................................................ [ 15%]
..............................................................F......FFF [ 23%]
.F.......FF...FF........................................................ [ 30%]
........................................................................ [ 38%]
..............................F.....s.................F...F...F......... [ 46%]
........................................................................ [ 53%]
........................................................................ [ 61%]
........................................................................ [ 69%]
........................................................................ [ 76%]
........................................................................ [ 84%]
........................................................................ [ 92%]
........................................................................ [ 99%]
..                                                                       [100%]
=========================== short test summary info ===========================
SKIPPED [1] tests\test_inner_loop_runtime.py:370: chmod permission bits are POSIX-only
FAILED tests/test_chunker_plaintext.py::test_anchor_falls_back_to_chunk_for_dot_only_name
FAILED tests/test_cli.py::test_inner_loop_smoke_command_runs - assert 1 == 0
FAILED tests/test_cli.py::test_inner_loop_smoke_wires_learning_observer - ass...
FAILED tests/test_cli.py::test_inner_loop_smoke_canon_snapshot_matches_seed_baseline
FAILED tests/test_cli.py::test_inner_loop_smoke_gotcha_dedups_across_repeated_runs
FAILED tests/test_cli.py::test_fa_run_denies_first_mutation_until_pr_prepare_runs
FAILED tests/test_cli.py::test_fa_run_clears_stale_pr_draft_on_startup - Asse...
FAILED tests/test_cli.py::test_fa_run_opaque_exec_bash_allowed_after_pr_prepare
FAILED tests/test_cli.py::test_fa_run_repo_write_bash_allowed_after_pr_prepare
FAILED tests/test_inner_loop_runtime.py::test_run_session_executes_tool_through_hooks
FAILED tests/test_inner_loop_runtime_limits.py::test_bash_timeout_is_plumbed_into_tool
FAILED tests/test_inner_loop_tools.py::test_run_bash_tool_runs_in_workspace
FAILED tests/test_inner_loop_tools.py::test_run_bash_tool_preserves_failure_diagnostics
13 failed, 924 passed, 1 skipped in 8.48s
